// Jest Snapshot v1, https://goo.gl/fbAQLP

exports[`<FacePile /> renders with a tooltip 1`] = `
<DocumentFragment>
  <div>
    <div
      class="_stacked-avatars_2lhia_116 mx_FacePile"
    >
      <button
        aria-label="Profile picture"
        aria-live="off"
        class="_avatar_2lhia_17 mx_BaseAvatar _avatar-imageless_2lhia_56"
        data-color="8"
        data-state="closed"
        data-testid="avatar-img"
        data-type="round"
        role="button"
        style="--cpd-avatar-size: 36px;"
      >
        4
      </button>
    </div>
  </div>
</DocumentFragment>
`;
