// Jest Snapshot v1, https://goo.gl/fbAQLP

exports[`LegacyRoomHeaderButtons-test.tsx should render 1`] = `
<DocumentFragment>
  <div
    aria-current="false"
    class="mx_AccessibleButton mx_LegacyRoomHeader_button mx_RightPanel_timelineCardButton"
    data-state="closed"
    data-testid="Chat"
    role="button"
    tabindex="0"
  />
  <div
    aria-current="false"
    class="mx_AccessibleButton mx_LegacyRoomHeader_button mx_RightPanel_threadsButton"
    data-state="closed"
    data-testid="threadsButton"
    role="button"
    tabindex="0"
  />
  <div
    aria-current="false"
    class="mx_AccessibleButton mx_LegacyRoomHeader_button mx_RightPanel_roomSummaryButton"
    data-state="closed"
    data-testid="Room info"
    role="button"
    tabindex="0"
  />
</DocumentFragment>
`;
