// Jest Snapshot v1, https://goo.gl/fbAQLP

exports[`FormattingButtons renders in german 1`] = `
<DocumentFragment>
  <div
    class="mx_FormattingButtons"
  >
    <button
      class="mx_AccessibleButton mx_FormattingButtons_Button mx_FormattingButtons_Button_hover"
      data-state="closed"
      role="button"
      tabindex="0"
    >
      <div
        class="mx_FormattingButtons_Icon"
      />
    </button>
    <button
      class="mx_AccessibleButton mx_FormattingButtons_Button mx_FormattingButtons_Button_hover"
      data-state="closed"
      role="button"
      tabindex="0"
    >
      <div
        class="mx_FormattingButtons_Icon"
      />
    </button>
    <button
      class="mx_AccessibleButton mx_FormattingButtons_Button mx_FormattingButtons_Button_hover"
      data-state="closed"
      role="button"
      tabindex="0"
    >
      <div
        class="mx_FormattingButtons_Icon"
      />
    </button>
    <button
      class="mx_AccessibleButton mx_FormattingButtons_Button mx_FormattingButtons_Button_hover"
      data-state="closed"
      role="button"
      tabindex="0"
    >
      <div
        class="mx_FormattingButtons_Icon"
      />
    </button>
    <button
      class="mx_AccessibleButton mx_FormattingButtons_Button mx_FormattingButtons_Button_hover"
      data-state="closed"
      role="button"
      tabindex="0"
    >
      <div
        class="mx_FormattingButtons_Icon"
      />
    </button>
    <button
      class="mx_AccessibleButton mx_FormattingButtons_Button mx_FormattingButtons_Button_hover"
      data-state="closed"
      role="button"
      tabindex="0"
    >
      <div
        class="mx_FormattingButtons_Icon"
      />
    </button>
    <button
      class="mx_AccessibleButton mx_FormattingButtons_Button mx_FormattingButtons_Button_hover"
      data-state="closed"
      role="button"
      tabindex="0"
    >
      <div
        class="mx_FormattingButtons_Icon"
      />
    </button>
    <button
      class="mx_AccessibleButton mx_FormattingButtons_Button mx_FormattingButtons_Button_hover"
      data-state="closed"
      role="button"
      tabindex="0"
    >
      <div
        class="mx_FormattingButtons_Icon"
      />
    </button>
    <button
      class="mx_AccessibleButton mx_FormattingButtons_Button mx_FormattingButtons_Button_hover"
      data-state="closed"
      role="button"
      tabindex="0"
    >
      <div
        class="mx_FormattingButtons_Icon"
      />
    </button>
    <button
      class="mx_AccessibleButton mx_FormattingButtons_Button mx_FormattingButtons_Button_hover"
      data-state="closed"
      role="button"
      tabindex="0"
    >
      <div
        class="mx_FormattingButtons_Icon"
      />
    </button>
  </div>
</DocumentFragment>
`;
